wasm-pack : 
[1m[2m[INFO][0m: 
Checking for the 
Wasm target...
At line:1 char:92
+ ... dows-msvc"; 
wasm-pack build 
--target web 
--verbose 2> 
build_error.log ...
+                 ~~~
~~~~~~~~~~~~~~~~~~~~~
~~~~~~~~~~~~~~~~~~~~~
~~~~~~~~~~~~
    + CategoryInfo   
           : NotSpe  
  cified: ([1m[2   
 m[INFO]... Wasm    
 target...:Strin    
g) [], RemoteExc    
eption
    + FullyQualified 
   ErrorId : Native  
  CommandError
 
[1m[2m[INFO][0m: 
Compiling to Wasm...
   Compiling 
proc-macro2 v1.0.106
   Compiling quote 
v1.0.44
       Fresh cfg-if 
v1.0.4
   Compiling 
crossbeam-utils 
v0.8.21
   Compiling 
wasm-bindgen-shared 
v0.2.108
       Fresh 
simd-adler32 v0.3.8
   Compiling 
rayon-core v1.13.0
   Compiling 
rustversion v1.0.22
   Compiling 
crc32fast v1.5.0
       Fresh adler2 
v2.0.1
       Fresh bumpalo 
v3.19.1
     Running `C:\User
s\willi\.rustup\toolc
hains\stable-x86_64-p
c-windows-msvc\bin\ru
stc.exe --crate-name 
build_script_build 
--edition=2021 C:\Use
rs\willi\.cargo\regis
try\src\index.crates.
io-1949cf8c6b5b557f\q
uote-1.0.44\build.rs 
--error-format=json -
-json=diagnostic-rend
ered-ansi,artifacts,f
uture-incompat 
--crate-type bin 
--emit=dep-info,link 
-C embed-bitcode=no 
-C 
debug-assertions=off 
--cfg "feature=\"defa
ult\"" --cfg "feature
=\"proc-macro\"" 
--check-cfg 
cfg(docsrs,test) 
--check-cfg 
"cfg(feature, 
values(\"default\", 
\"proc-macro\"))" -C 
metadata=6679753d36b8
f650 -C extra-filenam
e=-c2fbf125a3b69c30 
--out-dir C:\Users\wi
lli\OneDrive\Document
s\resume-projects\fil
m-emulation-engine\ta
rget\release\build\qu
ote-c2fbf125a3b69c30 
-C strip=debuginfo 
-L dependency=C:\User
s\willi\OneDrive\Docu
ments\resume-projects
\film-emulation-engin
e\target\release\deps
 --cap-lints allow`
     Running `C:\User
s\willi\.rustup\toolc
hains\stable-x86_64-p
c-windows-msvc\bin\ru
stc.exe --crate-name 
build_script_build 
--edition=2021 C:\Use
rs\willi\.cargo\regis
try\src\index.crates.
io-1949cf8c6b5b557f\c
rossbeam-utils-0.8.21
\build.rs 
--error-format=json -
-json=diagnostic-rend
ered-ansi,artifacts,f
uture-incompat 
--crate-type bin 
--emit=dep-info,link 
-C embed-bitcode=no -
-warn=unexpected_cfgs
 --allow=clippy::lint
_groups_priority --al
low=clippy::declare_i
nterior_mutable_const
 --check-cfg 
cfg(crossbeam_loom) 
--check-cfg cfg(cross
beam_sanitize) -C 
debug-assertions=off 
--cfg "feature=\"defa
ult\"" --cfg 
"feature=\"std\"" 
--check-cfg 
cfg(docsrs,test) 
--check-cfg 
"cfg(feature, 
values(\"default\", 
\"loom\", 
\"nightly\", 
\"std\"))" -C metadat
a=a59783889c6d4b13 
-C extra-filename=-a0
6912399631d215 
--out-dir C:\Users\wi
lli\OneDrive\Document
s\resume-projects\fil
m-emulation-engine\ta
rget\release\build\cr
ossbeam-utils-a069123
99631d215 -C 
strip=debuginfo -L de
pendency=C:\Users\wil
li\OneDrive\Documents
\resume-projects\film
-emulation-engine\tar
get\release\deps 
--cap-lints allow`
     Running `C:\User
s\willi\.rustup\toolc
hains\stable-x86_64-p
c-windows-msvc\bin\ru
stc.exe --crate-name 
build_script_build 
--edition=2021 C:\Use
rs\willi\.cargo\regis
try\src\index.crates.
io-1949cf8c6b5b557f\p
roc-macro2-1.0.106\bu
ild.rs 
--error-format=json -
-json=diagnostic-rend
ered-ansi,artifacts,f
uture-incompat 
--crate-type bin 
--emit=dep-info,link 
-C embed-bitcode=no 
-C 
debug-assertions=off 
--cfg "feature=\"defa
ult\"" --cfg "feature
=\"proc-macro\"" 
--check-cfg 
cfg(docsrs,test) 
--check-cfg 
"cfg(feature, 
values(\"default\", 
\"nightly\", 
\"proc-macro\", \"spa
n-locations\"))" -C m
etadata=4761d85f061f0
577 -C extra-filename
=-001ff29431967c97 
--out-dir C:\Users\wi
lli\OneDrive\Document
s\resume-projects\fil
m-emulation-engine\ta
rget\release\build\pr
oc-macro2-001ff294319
67c97 -C 
strip=debuginfo -L de
pendency=C:\Users\wil
li\OneDrive\Documents
\resume-projects\film
-emulation-engine\tar
get\release\deps 
--cap-lints allow`
     Running `C:\User
s\willi\.rustup\toolc
hains\stable-x86_64-p
c-windows-msvc\bin\ru
stc.exe --crate-name 
build_script_build 
--edition=2021 C:\Use
rs\willi\.cargo\regis
try\src\index.crates.
io-1949cf8c6b5b557f\r
ayon-core-1.13.0\buil
d.rs 
--error-format=json -
-json=diagnostic-rend
ered-ansi,artifacts,f
uture-incompat 
--crate-type bin 
--emit=dep-info,link 
-C embed-bitcode=no 
-C 
debug-assertions=off 
--check-cfg 
cfg(docsrs,test) 
--check-cfg 
"cfg(feature, values(
\"web_spin_lock\"))" 
-C metadata=f1338f0b2
7fc94ab -C extra-file
name=-7eef68cf5f70b55
0 --out-dir C:\Users\
willi\OneDrive\Docume
nts\resume-projects\f
ilm-emulation-engine\
target\release\build\
rayon-core-7eef68cf5f
70b550 -C 
strip=debuginfo -L de
pendency=C:\Users\wil
li\OneDrive\Documents
\resume-projects\film
-emulation-engine\tar
get\release\deps 
--cap-lints allow`
     Running `C:\User
s\willi\.rustup\toolc
hains\stable-x86_64-p
c-windows-msvc\bin\ru
stc.exe --crate-name 
build_script_build 
--edition=2021 C:\Use
rs\willi\.cargo\regis
try\src\index.crates.
io-1949cf8c6b5b557f\w
asm-bindgen-shared-0.
2.108\build.rs 
--error-format=json -
-json=diagnostic-rend
ered-ansi,artifacts,f
uture-incompat 
--crate-type bin 
--emit=dep-info,link 
-C embed-bitcode=no -
-warn=clippy::uninlin
ed_format_args --warn
=unexpected_cfgs --al
low=clippy::type_comp
lexity --allow=clippy
::too_many_arguments 
--allow=clippy::overl
y_complex_bool_expr -
-allow=clippy::new_wi
thout_default --allow
=clippy::large_enum_v
ariant --check-cfg cf
g(wasm_bindgen_unstab
le_test_coverage) 
--check-cfg cfg(xxx_d
ebug_only_print_gener
ated_code) -C 
debug-assertions=off 
--check-cfg 
cfg(docsrs,test) 
--check-cfg 
"cfg(feature, 
values())" -C metadat
a=43b9c1f1a6bf7b27 
-C extra-filename=-63
d0126bc8295d30 
--out-dir C:\Users\wi
lli\OneDrive\Document
s\resume-projects\fil
m-emulation-engine\ta
rget\release\build\wa
sm-bindgen-shared-63d
0126bc8295d30 -C 
strip=debuginfo -L de
pendency=C:\Users\wil
li\OneDrive\Documents
\resume-projects\film
-emulation-engine\tar
get\release\deps 
--cap-lints allow`
     Running `C:\User
s\willi\.rustup\toolc
hains\stable-x86_64-p
c-windows-msvc\bin\ru
stc.exe --crate-name 
build_script_build 
--edition=2018 C:\Use
rs\willi\.cargo\regis
try\src\index.crates.
io-1949cf8c6b5b557f\r
ustversion-1.0.22\bui
ld\build.rs 
--error-format=json -
-json=diagnostic-rend
ered-ansi,artifacts,f
uture-incompat 
--crate-type bin 
--emit=dep-info,link 
-C embed-bitcode=no 
-C 
debug-assertions=off 
--check-cfg 
cfg(docsrs,test) 
--check-cfg 
"cfg(feature, 
values())" -C metadat
a=8a4cd68881fc722f 
-C extra-filename=-28
f3fe9c7f2775b4 
--out-dir C:\Users\wi
lli\OneDrive\Document
s\resume-projects\fil
m-emulation-engine\ta
rget\release\build\ru
stversion-28f3fe9c7f2
775b4 -C 
strip=debuginfo -L de
pendency=C:\Users\wil
li\OneDrive\Documents
\resume-projects\film
-emulation-engine\tar
get\release\deps 
--cap-lints allow`
       Fresh 
miniz_oxide v0.8.9
   Compiling 
zerocopy v0.8.38
       Fresh 
unicode-ident v1.0.22
       Fresh autocfg 
v1.5.0
       Fresh either 
v1.15.0
     Running `C:\User
s\willi\.rustup\toolc
hains\stable-x86_64-p
c-windows-msvc\bin\ru
stc.exe --crate-name 
build_script_build 
--edition=2021 C:\Use
rs\willi\.cargo\regis
try\src\index.crates.
io-1949cf8c6b5b557f\c
rc32fast-1.5.0\build.
rs 
--error-format=json -
-json=diagnostic-rend
ered-ansi,artifacts,f
uture-incompat 
--crate-type bin 
--emit=dep-info,link 
-C embed-bitcode=no 
-C 
debug-assertions=off 
--cfg "feature=\"defa
ult\"" --cfg 
"feature=\"std\"" 
--check-cfg 
cfg(docsrs,test) 
--check-cfg 
"cfg(feature, 
values(\"default\", 
\"nightly\", 
\"std\"))" -C metadat
a=6f484934085b0de5 
-C extra-filename=-c1
be43ca6d4bea49 
--out-dir C:\Users\wi
lli\OneDrive\Document
s\resume-projects\fil
m-emulation-engine\ta
rget\release\build\cr
c32fast-c1be43ca6d4be
a49 -C 
strip=debuginfo -L de
pendency=C:\Users\wil
li\OneDrive\Documents
\resume-projects\film
-emulation-engine\tar
get\release\deps 
--cap-lints allow`
   Compiling 
num-traits v0.2.19
       Fresh weezl 
v0.1.12
   Compiling 
once_cell v1.21.3
   Compiling 
fdeflate v0.3.7
   Compiling 
zune-inflate v0.2.54
     Running `C:\User
s\willi\.rustup\toolc
hains\stable-x86_64-p
c-windows-msvc\bin\ru
stc.exe --crate-name 
build_script_build 
--edition=2021 C:\Use
rs\willi\.cargo\regis
try\src\index.crates.
io-1949cf8c6b5b557f\n
um-traits-0.2.19\buil
d.rs 
--error-format=json -
-json=diagnostic-rend
ered-ansi,artifacts,f
uture-incompat 
--crate-type bin 
--emit=dep-info,link 
-C embed-bitcode=no 
-C 
debug-assertions=off 
--cfg "feature=\"defa
ult\"" --cfg 
"feature=\"std\"" 
--check-cfg 
cfg(docsrs,test) 
--check-cfg 
"cfg(feature, 
values(\"default\", 
\"i128\", \"libm\", 
\"std\"))" -C metadat
a=1960d6f80cd0e661 
-C extra-filename=-06
39ab650da8a284 
--out-dir C:\Users\wi
lli\OneDrive\Document
s\resume-projects\fil
m-emulation-engine\ta
rget\release\build\nu
m-traits-0639ab650da8
a284 -C 
strip=debuginfo -L de
pendency=C:\Users\wil
li\OneDrive\Documents
\resume-projects\film
-emulation-engine\tar
get\release\deps 
--extern autocfg=C:\U
sers\willi\OneDrive\D
ocuments\resume-proje
cts\film-emulation-en
gine\target\release\d
eps\libautocfg-7245dc
323b8e036f.rlib 
--cap-lints allow`
     Running `C:\User
s\willi\.rustup\toolc
hains\stable-x86_64-p
c-windows-msvc\bin\ru
stc.exe --crate-name 
build_script_build 
--edition=2021 C:\Use
rs\willi\.cargo\regis
try\src\index.crates.
io-1949cf8c6b5b557f\z
erocopy-0.8.38\build.
rs 
--error-format=json -
-json=diagnostic-rend
ered-ansi,artifacts,f
uture-incompat 
--crate-type bin 
--emit=dep-info,link 
-C embed-bitcode=no 
-C 
debug-assertions=off 
--cfg 
"feature=\"derive\"" 
--cfg 
"feature=\"simd\"" 
--cfg "feature=\"zero
copy-derive\"" 
--check-cfg 
cfg(docsrs,test) 
--check-cfg 
"cfg(feature, values(
\"__internal_use_only
_features_that_work_o
n_stable\", 
\"alloc\", 
\"derive\", 
\"float-nightly\", 
\"simd\", 
\"simd-nightly\", 
\"std\", \"zerocopy-d
erive\"))" -C metadat
a=254dff6bce64f2a2 
-C extra-filename=-b2
d907a5bcc99c32 
--out-dir C:\Users\wi
lli\OneDrive\Document
s\resume-projects\fil
m-emulation-engine\ta
rget\release\build\ze
rocopy-b2d907a5bcc99c
32 -C 
strip=debuginfo -L de
pendency=C:\Users\wil
li\OneDrive\Documents
\resume-projects\film
-emulation-engine\tar
get\release\deps 
--cap-lints allow`
     Running `C:\User
s\willi\.rustup\toolc
hains\stable-x86_64-p
c-windows-msvc\bin\ru
stc.exe --crate-name 
once_cell 
--edition=2021 C:\Use
rs\willi\.cargo\regis
try\src\index.crates.
io-1949cf8c6b5b557f\o
nce_cell-1.21.3\src\l
ib.rs 
--error-format=json -
-json=diagnostic-rend
ered-ansi,artifacts,f
uture-incompat 
--crate-type lib --em
it=dep-info,metadata,
link -C opt-level=3 
-C embed-bitcode=no 
--check-cfg 
cfg(docsrs,test) 
--check-cfg 
"cfg(feature, 
values(\"alloc\", 
\"atomic-polyfill\", 
\"critical-section\",
 \"default\", 
\"parking_lot\", 
\"portable-atomic\", 
\"race\", \"std\", 
\"unstable\"))" -C me
tadata=1015ee84ea9549
34 -C extra-filename=
-e45138e7b4266544 
--out-dir C:\Users\wi
lli\OneDrive\Document
s\resume-projects\fil
m-emulation-engine\ta
rget\wasm32-unknown-u
nknown\release\deps 
--target wasm32-unkno
wn-unknown -C 
strip=debuginfo -L de
pendency=C:\Users\wil
li\OneDrive\Documents
\resume-projects\film
-emulation-engine\tar
get\wasm32-unknown-un
known\release\deps 
-L dependency=C:\User
s\willi\OneDrive\Docu
ments\resume-projects
\film-emulation-engin
e\target\release\deps
 --cap-lints allow`
     Running `C:\User
s\willi\.rustup\toolc
hains\stable-x86_64-p
c-windows-msvc\bin\ru
stc.exe --crate-name 
fdeflate 
--edition=2021 C:\Use
rs\willi\.cargo\regis
try\src\index.crates.
io-1949cf8c6b5b557f\f
deflate-0.3.7\src\lib
.rs 
--error-format=json -
-json=diagnostic-rend
ered-ansi,artifacts,f
uture-incompat 
--crate-type lib --em
it=dep-info,metadata,
link -C opt-level=3 
-C embed-bitcode=no -
-allow=unexpected_cfg
s --check-cfg 
cfg(fuzzing) 
--check-cfg 
cfg(docsrs,test) 
--check-cfg 
"cfg(feature, 
values())" -C metadat
a=eab4d1f11e73447b 
-C extra-filename=-64
722aa09888f1f6 
--out-dir C:\Users\wi
lli\OneDrive\Document
s\resume-projects\fil
m-emulation-engine\ta
rget\wasm32-unknown-u
nknown\release\deps 
--target wasm32-unkno
wn-unknown -C 
strip=debuginfo -L de
pendency=C:\Users\wil
li\OneDrive\Documents
\resume-projects\film
-emulation-engine\tar
get\wasm32-unknown-un
known\release\deps 
-L dependency=C:\User
s\willi\OneDrive\Docu
ments\resume-projects
\film-emulation-engin
e\target\release\deps
 --extern simd_adler3
2=C:\Users\willi\OneD
rive\Documents\resume
-projects\film-emulat
ion-engine\target\was
m32-unknown-unknown\r
elease\deps\libsimd_a
dler32-c0198be1b6052a
3f.rmeta --cap-lints 
allow`
     Running `C:\User
s\willi\.rustup\toolc
hains\stable-x86_64-p
c-windows-msvc\bin\ru
stc.exe --crate-name 
zune_inflate 
--edition=2021 C:\Use
rs\willi\.cargo\regis
try\src\index.crates.
io-1949cf8c6b5b557f\z
une-inflate-0.2.54\sr
c\lib.rs 
--error-format=json -
-json=diagnostic-rend
ered-ansi,artifacts,f
uture-incompat 
--crate-type lib --em
it=dep-info,metadata,
link -C opt-level=3 
-C embed-bitcode=no 
--cfg "feature=\"simd
-adler32\"" --cfg 
"feature=\"zlib\"" 
--check-cfg 
cfg(docsrs,test) 
--check-cfg 
"cfg(feature, 
values(\"default\", 
\"gzip\", 
\"simd-adler32\", 
\"std\", \"zlib\"))" 
-C metadata=816a0e66f
40db111 -C extra-file
name=-545ec952409d896
4 --out-dir C:\Users\
willi\OneDrive\Docume
nts\resume-projects\f
ilm-emulation-engine\
target\wasm32-unknown
-unknown\release\deps
 --target wasm32-unkn
own-unknown -C 
strip=debuginfo -L de
pendency=C:\Users\wil
li\OneDrive\Documents
\resume-projects\film
-emulation-engine\tar
get\wasm32-unknown-un
known\release\deps 
-L dependency=C:\User
s\willi\OneDrive\Docu
ments\resume-projects
\film-emulation-engin
e\target\release\deps
 --extern simd_adler3
2=C:\Users\willi\OneD
rive\Documents\resume
-projects\film-emulat
ion-engine\target\was
m32-unknown-unknown\r
elease\deps\libsimd_a
dler32-c0198be1b6052a
3f.rmeta --cap-lints 
allow`
error: linker 
`link.exe` not found
  |
  = note: program 
not found

note: the msvc 
targets depend on 
the msvc linker but 
`link.exe` was not 
found

note: please ensure 
that Visual Studio 
2017 or later, or 
Build Tools for 
Visual Studio were 
installed with the 
Visual C++ option.

note: VS Code is a 
different product, 
and is not 
sufficient.

error: could not 
compile `num-traits` 
(build script) due 
to 1 previous error

Caused by:
  process didn't 
exit successfully: `C
:\Users\willi\.rustup
\toolchains\stable-x8
6_64-pc-windows-msvc\
bin\rustc.exe 
--crate-name 
build_script_build 
--edition=2021 C:\Use
rs\willi\.cargo\regis
try\src\index.crates.
io-1949cf8c6b5b557f\n
um-traits-0.2.19\buil
d.rs 
--error-format=json -
-json=diagnostic-rend
ered-ansi,artifacts,f
uture-incompat 
--crate-type bin 
--emit=dep-info,link 
-C embed-bitcode=no 
-C 
debug-assertions=off 
--cfg "feature=\"defa
ult\"" --cfg 
"feature=\"std\"" 
--check-cfg 
cfg(docsrs,test) 
--check-cfg 
"cfg(feature, 
values(\"default\", 
\"i128\", \"libm\", 
\"std\"))" -C metadat
a=1960d6f80cd0e661 
-C extra-filename=-06
39ab650da8a284 
--out-dir C:\Users\wi
lli\OneDrive\Document
s\resume-projects\fil
m-emulation-engine\ta
rget\release\build\nu
m-traits-0639ab650da8
a284 -C 
strip=debuginfo -L de
pendency=C:\Users\wil
li\OneDrive\Documents
\resume-projects\film
-emulation-engine\tar
get\release\deps 
--extern autocfg=C:\U
sers\willi\OneDrive\D
ocuments\resume-proje
cts\film-emulation-en
gine\target\release\d
eps\libautocfg-7245dc
323b8e036f.rlib 
--cap-lints allow` 
(exit code: 1)
warning: build 
failed, waiting for 
other jobs to 
finish...
error: could not 
compile `crc32fast` 
(build script) due 
to 1 previous error

Caused by:
  process didn't 
exit successfully: `C
:\Users\willi\.rustup
\toolchains\stable-x8
6_64-pc-windows-msvc\
bin\rustc.exe 
--crate-name 
build_script_build 
--edition=2021 C:\Use
rs\willi\.cargo\regis
try\src\index.crates.
io-1949cf8c6b5b557f\c
rc32fast-1.5.0\build.
rs 
--error-format=json -
-json=diagnostic-rend
ered-ansi,artifacts,f
uture-incompat 
--crate-type bin 
--emit=dep-info,link 
-C embed-bitcode=no 
-C 
debug-assertions=off 
--cfg "feature=\"defa
ult\"" --cfg 
"feature=\"std\"" 
--check-cfg 
cfg(docsrs,test) 
--check-cfg 
"cfg(feature, 
values(\"default\", 
\"nightly\", 
\"std\"))" -C metadat
a=6f484934085b0de5 
-C extra-filename=-c1
be43ca6d4bea49 
--out-dir C:\Users\wi
lli\OneDrive\Document
s\resume-projects\fil
m-emulation-engine\ta
rget\release\build\cr
c32fast-c1be43ca6d4be
a49 -C 
strip=debuginfo -L de
pendency=C:\Users\wil
li\OneDrive\Documents
\resume-projects\film
-emulation-engine\tar
get\release\deps 
--cap-lints allow` 
(exit code: 1)
error: could not 
compile `rayon-core` 
(build script) due 
to 1 previous error

Caused by:
  process didn't 
exit successfully: `C
:\Users\willi\.rustup
\toolchains\stable-x8
6_64-pc-windows-msvc\
bin\rustc.exe 
--crate-name 
build_script_build 
--edition=2021 C:\Use
rs\willi\.cargo\regis
try\src\index.crates.
io-1949cf8c6b5b557f\r
ayon-core-1.13.0\buil
d.rs 
--error-format=json -
-json=diagnostic-rend
ered-ansi,artifacts,f
uture-incompat 
--crate-type bin 
--emit=dep-info,link 
-C embed-bitcode=no 
-C 
debug-assertions=off 
--check-cfg 
cfg(docsrs,test) 
--check-cfg 
"cfg(feature, values(
\"web_spin_lock\"))" 
-C metadata=f1338f0b2
7fc94ab -C extra-file
name=-7eef68cf5f70b55
0 --out-dir C:\Users\
willi\OneDrive\Docume
nts\resume-projects\f
ilm-emulation-engine\
target\release\build\
rayon-core-7eef68cf5f
70b550 -C 
strip=debuginfo -L de
pendency=C:\Users\wil
li\OneDrive\Documents
\resume-projects\film
-emulation-engine\tar
get\release\deps 
--cap-lints allow` 
(exit code: 1)
error: could not 
compile `quote` 
(build script) due 
to 1 previous error

Caused by:
  process didn't 
exit successfully: `C
:\Users\willi\.rustup
\toolchains\stable-x8
6_64-pc-windows-msvc\
bin\rustc.exe 
--crate-name 
build_script_build 
--edition=2021 C:\Use
rs\willi\.cargo\regis
try\src\index.crates.
io-1949cf8c6b5b557f\q
uote-1.0.44\build.rs 
--error-format=json -
-json=diagnostic-rend
ered-ansi,artifacts,f
uture-incompat 
--crate-type bin 
--emit=dep-info,link 
-C embed-bitcode=no 
-C 
debug-assertions=off 
--cfg "feature=\"defa
ult\"" --cfg "feature
=\"proc-macro\"" 
--check-cfg 
cfg(docsrs,test) 
--check-cfg 
"cfg(feature, 
values(\"default\", 
\"proc-macro\"))" -C 
metadata=6679753d36b8
f650 -C extra-filenam
e=-c2fbf125a3b69c30 
--out-dir C:\Users\wi
lli\OneDrive\Document
s\resume-projects\fil
m-emulation-engine\ta
rget\release\build\qu
ote-c2fbf125a3b69c30 
-C strip=debuginfo 
-L dependency=C:\User
s\willi\OneDrive\Docu
ments\resume-projects
\film-emulation-engin
e\target\release\deps
 --cap-lints allow` 
(exit code: 1)
error: could not 
compile `wasm-bindgen
-shared` (build 
script) due to 1 
previous error

Caused by:
  process didn't 
exit successfully: `C
:\Users\willi\.rustup
\toolchains\stable-x8
6_64-pc-windows-msvc\
bin\rustc.exe 
--crate-name 
build_script_build 
--edition=2021 C:\Use
rs\willi\.cargo\regis
try\src\index.crates.
io-1949cf8c6b5b557f\w
asm-bindgen-shared-0.
2.108\build.rs 
--error-format=json -
-json=diagnostic-rend
ered-ansi,artifacts,f
uture-incompat 
--crate-type bin 
--emit=dep-info,link 
-C embed-bitcode=no -
-warn=clippy::uninlin
ed_format_args --warn
=unexpected_cfgs --al
low=clippy::type_comp
lexity --allow=clippy
::too_many_arguments 
--allow=clippy::overl
y_complex_bool_expr -
-allow=clippy::new_wi
thout_default --allow
=clippy::large_enum_v
ariant --check-cfg cf
g(wasm_bindgen_unstab
le_test_coverage) 
--check-cfg cfg(xxx_d
ebug_only_print_gener
ated_code) -C 
debug-assertions=off 
--check-cfg 
cfg(docsrs,test) 
--check-cfg 
"cfg(feature, 
values())" -C metadat
a=43b9c1f1a6bf7b27 
-C extra-filename=-63
d0126bc8295d30 
--out-dir C:\Users\wi
lli\OneDrive\Document
s\resume-projects\fil
m-emulation-engine\ta
rget\release\build\wa
sm-bindgen-shared-63d
0126bc8295d30 -C 
strip=debuginfo -L de
pendency=C:\Users\wil
li\OneDrive\Documents
\resume-projects\film
-emulation-engine\tar
get\release\deps 
--cap-lints allow` 
(exit code: 1)
error: could not 
compile 
`crossbeam-utils` 
(build script) due 
to 1 previous error

Caused by:
  process didn't 
exit successfully: `C
:\Users\willi\.rustup
\toolchains\stable-x8
6_64-pc-windows-msvc\
bin\rustc.exe 
--crate-name 
build_script_build 
--edition=2021 C:\Use
rs\willi\.cargo\regis
try\src\index.crates.
io-1949cf8c6b5b557f\c
rossbeam-utils-0.8.21
\build.rs 
--error-format=json -
-json=diagnostic-rend
ered-ansi,artifacts,f
uture-incompat 
--crate-type bin 
--emit=dep-info,link 
-C embed-bitcode=no -
-warn=unexpected_cfgs
 --allow=clippy::lint
_groups_priority --al
low=clippy::declare_i
nterior_mutable_const
 --check-cfg 
cfg(crossbeam_loom) 
--check-cfg cfg(cross
beam_sanitize) -C 
debug-assertions=off 
--cfg "feature=\"defa
ult\"" --cfg 
"feature=\"std\"" 
--check-cfg 
cfg(docsrs,test) 
--check-cfg 
"cfg(feature, 
values(\"default\", 
\"loom\", 
\"nightly\", 
\"std\"))" -C metadat
a=a59783889c6d4b13 
-C extra-filename=-a0
6912399631d215 
--out-dir C:\Users\wi
lli\OneDrive\Document
s\resume-projects\fil
m-emulation-engine\ta
rget\release\build\cr
ossbeam-utils-a069123
99631d215 -C 
strip=debuginfo -L de
pendency=C:\Users\wil
li\OneDrive\Documents
\resume-projects\film
-emulation-engine\tar
get\release\deps 
--cap-lints allow` 
(exit code: 1)
error: could not 
compile 
`proc-macro2` (build 
script) due to 1 
previous error

Caused by:
  process didn't 
exit successfully: `C
:\Users\willi\.rustup
\toolchains\stable-x8
6_64-pc-windows-msvc\
bin\rustc.exe 
--crate-name 
build_script_build 
--edition=2021 C:\Use
rs\willi\.cargo\regis
try\src\index.crates.
io-1949cf8c6b5b557f\p
roc-macro2-1.0.106\bu
ild.rs 
--error-format=json -
-json=diagnostic-rend
ered-ansi,artifacts,f
uture-incompat 
--crate-type bin 
--emit=dep-info,link 
-C embed-bitcode=no 
-C 
debug-assertions=off 
--cfg "feature=\"defa
ult\"" --cfg "feature
=\"proc-macro\"" 
--check-cfg 
cfg(docsrs,test) 
--check-cfg 
"cfg(feature, 
values(\"default\", 
\"nightly\", 
\"proc-macro\", \"spa
n-locations\"))" -C m
etadata=4761d85f061f0
577 -C extra-filename
=-001ff29431967c97 
--out-dir C:\Users\wi
lli\OneDrive\Document
s\resume-projects\fil
m-emulation-engine\ta
rget\release\build\pr
oc-macro2-001ff294319
67c97 -C 
strip=debuginfo -L de
pendency=C:\Users\wil
li\OneDrive\Documents
\resume-projects\film
-emulation-engine\tar
get\release\deps 
--cap-lints allow` 
(exit code: 1)
error: could not 
compile `zerocopy` 
(build script) due 
to 1 previous error

Caused by:
  process didn't 
exit successfully: `C
:\Users\willi\.rustup
\toolchains\stable-x8
6_64-pc-windows-msvc\
bin\rustc.exe 
--crate-name 
build_script_build 
--edition=2021 C:\Use
rs\willi\.cargo\regis
try\src\index.crates.
io-1949cf8c6b5b557f\z
erocopy-0.8.38\build.
rs 
--error-format=json -
-json=diagnostic-rend
ered-ansi,artifacts,f
uture-incompat 
--crate-type bin 
--emit=dep-info,link 
-C embed-bitcode=no 
-C 
debug-assertions=off 
--cfg 
"feature=\"derive\"" 
--cfg 
"feature=\"simd\"" 
--cfg "feature=\"zero
copy-derive\"" 
--check-cfg 
cfg(docsrs,test) 
--check-cfg 
"cfg(feature, values(
\"__internal_use_only
_features_that_work_o
n_stable\", 
\"alloc\", 
\"derive\", 
\"float-nightly\", 
\"simd\", 
\"simd-nightly\", 
\"std\", \"zerocopy-d
erive\"))" -C metadat
a=254dff6bce64f2a2 
-C extra-filename=-b2
d907a5bcc99c32 
--out-dir C:\Users\wi
lli\OneDrive\Document
s\resume-projects\fil
m-emulation-engine\ta
rget\release\build\ze
rocopy-b2d907a5bcc99c
32 -C 
strip=debuginfo -L de
pendency=C:\Users\wil
li\OneDrive\Documents
\resume-projects\film
-emulation-engine\tar
get\release\deps 
--cap-lints allow` 
(exit code: 1)
error: could not 
compile 
`rustversion` (build 
script) due to 1 
previous error

Caused by:
  process didn't 
exit successfully: `C
:\Users\willi\.rustup
\toolchains\stable-x8
6_64-pc-windows-msvc\
bin\rustc.exe 
--crate-name 
build_script_build 
--edition=2018 C:\Use
rs\willi\.cargo\regis
try\src\index.crates.
io-1949cf8c6b5b557f\r
ustversion-1.0.22\bui
ld\build.rs 
--error-format=json -
-json=diagnostic-rend
ered-ansi,artifacts,f
uture-incompat 
--crate-type bin 
--emit=dep-info,link 
-C embed-bitcode=no 
-C 
debug-assertions=off 
--check-cfg 
cfg(docsrs,test) 
--check-cfg 
"cfg(feature, 
values())" -C metadat
a=8a4cd68881fc722f 
-C extra-filename=-28
f3fe9c7f2775b4 
--out-dir C:\Users\wi
lli\OneDrive\Document
s\resume-projects\fil
m-emulation-engine\ta
rget\release\build\ru
stversion-28f3fe9c7f2
775b4 -C 
strip=debuginfo -L de
pendency=C:\Users\wil
li\OneDrive\Documents
\resume-projects\film
-emulation-engine\tar
get\release\deps 
--cap-lints allow` 
(exit code: 1)
Error: Compiling 
your crate to 
WebAssembly failed
Caused by: Compiling 
your crate to 
WebAssembly failed
Caused by: failed to 
execute `cargo 
build`: exited with 
exit code: 101
  full command: 
"cargo" "build" 
"--lib" "--release" 
"--target" "wasm32-un
known-unknown" 
"--verbose"
